# serializer version: 1
# name: test_basic
  '''
  [needs]
  build_json = true
  
  '''
# ---
# name: test_header_activation
  '''
  # This file is auto-generated by needs-config-writer.
  # It is a duplicate of shared and local configs to make tools like ubCode / ubc work.
  # Do not manually modify it - changes will be overwritten.
  
  [needs]
  build_json = true
  
  '''
# ---
# name: test_outpath_absolute
  '''
  [needs]
  
  '''
# ---
# name: test_outpath_variants[outdir_template]
  '''
  [needs]
  
  '''
# ---
# name: test_outpath_variants[relative_path]
  '''
  [needs]
  
  '''
# ---
# name: test_outpath_variants[srcdir_template]
  '''
  [needs]
  
  '''
# ---
# name: test_overwrite_false
  '''
  [needs]
  
  '''
# ---
# name: test_relative_path_with_prefix[dict_field_only]
  '''
  [needs.flow_configs]
  cplant = "\n    ' CPLANT by AOKI (https://github.com/aoki/cplant)\n    !define BLACK   #363D5D\n    !define RED     #F6363F\n    !define PINK    #F6216E\n    !define MAGENTA #A54FBD\n    !define GREEN   #37A77C\n    !define YELLOW  #F97A00\n    !define BLUE    #1E98F2\n    !define CYAN    #25AFCA\n    !define WHITE   #FEF2DC\n\n    ' Base Setting\n    skinparam Shadowing false\n    skinparam BackgroundColor transparent\n    skinparam ComponentStyle uml2\n    skinparam Default {\n      FontName  'Hiragino Sans'\n      FontColor BLACK\n      FontSize  10\n      FontStyle plain\n    }\n\n    skinparam Sequence {\n      ArrowThickness 1\n      ArrowColor RED\n      ActorBorderThickness 1\n      LifeLineBorderColor GREEN\n      ParticipantBorderThickness 0\n    }\n    skinparam Participant {\n      BackgroundColor BLACK\n      BorderColor BLACK\n      FontColor #FFFFFF\n    }\n\n    skinparam Actor {\n      BackgroundColor BLACK\n      BorderColor BLACK\n    }\n    "
  dict_only_config = "../../assets/puml-theme-dict_only.puml"
  handwritten = "\n        skinparam handwritten true\n    "
  lefttoright = "\n        left to right direction\n    "
  mixing = "\n        allowmixing\n    "
  monochrome = "\n        skinparam monochrome true\n    "
  tne = "\n    ' Based on \"Tomorrow night eighties\" color theme (see https://github.com/chriskempson/tomorrow-theme)\n    ' Provided by gabrieljoelc (https://github.com/gabrieljoelc/plantuml-themes)\n    !define Background   #2d2d2d\n    !define CurrentLine  #393939\n    !define Selection    #515151\n    !define Foregound    #cccccc\n    !define Comment      #999999\n    !define Red          #f2777a\n    !define Orange       #f99157\n    !define Yellow       #ffcc66\n    !define Green        #99cc99\n    !define Aqua         #66cccc\n    !define Blue         #6699cc\n    !define Purple       #cc99cc\n\n    skinparam Shadowing false\n    skinparam backgroundColor #2d2d2d\n    skinparam Arrow {\n      Color Foregound\n      FontColor Foregound\n      FontStyle Bold\n    }\n    skinparam Default {\n      FontName Menlo\n      FontColor #fdfdfd\n    }\n    skinparam package {\n      FontColor Purple\n      BackgroundColor CurrentLine\n      BorderColor Selection\n    }\n    skinparam node {\n      FontColor Yellow\n      BackgroundColor CurrentLine\n      BorderColor Selection\n    }\n    skinparam component {\n      BackgroundColor Selection\n      BorderColor Blue\n      FontColor Blue\n      Style uml2\n    }\n    skinparam database {\n      BackgroundColor CurrentLine\n      BorderColor Selection\n      FontColor Orange\n    }\n\n    skinparam cloud {\n      BackgroundColor CurrentLine\n      BorderColor Selection\n    }\n\n    skinparam interface {\n      BackgroundColor CurrentLine\n      BorderColor Selection\n      FontColor Green\n    }\n    "
  toptobottom = "\n        top to bottom direction\n    "
  transparent = "\n    skinparam backgroundcolor transparent\n    "
  
  '''
# ---
# name: test_relative_path_with_prefix[prefix_and_suffix]
  '''
  [needs.flow_configs]
  both_config = "!include ../../assets/puml-theme-both.puml?raw=true"
  cplant = "\n    ' CPLANT by AOKI (https://github.com/aoki/cplant)\n    !define BLACK   #363D5D\n    !define RED     #F6363F\n    !define PINK    #F6216E\n    !define MAGENTA #A54FBD\n    !define GREEN   #37A77C\n    !define YELLOW  #F97A00\n    !define BLUE    #1E98F2\n    !define CYAN    #25AFCA\n    !define WHITE   #FEF2DC\n\n    ' Base Setting\n    skinparam Shadowing false\n    skinparam BackgroundColor transparent\n    skinparam ComponentStyle uml2\n    skinparam Default {\n      FontName  'Hiragino Sans'\n      FontColor BLACK\n      FontSize  10\n      FontStyle plain\n    }\n\n    skinparam Sequence {\n      ArrowThickness 1\n      ArrowColor RED\n      ActorBorderThickness 1\n      LifeLineBorderColor GREEN\n      ParticipantBorderThickness 0\n    }\n    skinparam Participant {\n      BackgroundColor BLACK\n      BorderColor BLACK\n      FontColor #FFFFFF\n    }\n\n    skinparam Actor {\n      BackgroundColor BLACK\n      BorderColor BLACK\n    }\n    "
  handwritten = "\n        skinparam handwritten true\n    "
  lefttoright = "\n        left to right direction\n    "
  mixing = "\n        allowmixing\n    "
  monochrome = "\n        skinparam monochrome true\n    "
  tne = "\n    ' Based on \"Tomorrow night eighties\" color theme (see https://github.com/chriskempson/tomorrow-theme)\n    ' Provided by gabrieljoelc (https://github.com/gabrieljoelc/plantuml-themes)\n    !define Background   #2d2d2d\n    !define CurrentLine  #393939\n    !define Selection    #515151\n    !define Foregound    #cccccc\n    !define Comment      #999999\n    !define Red          #f2777a\n    !define Orange       #f99157\n    !define Yellow       #ffcc66\n    !define Green        #99cc99\n    !define Aqua         #66cccc\n    !define Blue         #6699cc\n    !define Purple       #cc99cc\n\n    skinparam Shadowing false\n    skinparam backgroundColor #2d2d2d\n    skinparam Arrow {\n      Color Foregound\n      FontColor Foregound\n      FontStyle Bold\n    }\n    skinparam Default {\n      FontName Menlo\n      FontColor #fdfdfd\n    }\n    skinparam package {\n      FontColor Purple\n      BackgroundColor CurrentLine\n      BorderColor Selection\n    }\n    skinparam node {\n      FontColor Yellow\n      BackgroundColor CurrentLine\n      BorderColor Selection\n    }\n    skinparam component {\n      BackgroundColor Selection\n      BorderColor Blue\n      FontColor Blue\n      Style uml2\n    }\n    skinparam database {\n      BackgroundColor CurrentLine\n      BorderColor Selection\n      FontColor Orange\n    }\n\n    skinparam cloud {\n      BackgroundColor CurrentLine\n      BorderColor Selection\n    }\n\n    skinparam interface {\n      BackgroundColor CurrentLine\n      BorderColor Selection\n      FontColor Green\n    }\n    "
  toptobottom = "\n        top to bottom direction\n    "
  transparent = "\n    skinparam backgroundcolor transparent\n    "
  
  '''
# ---
# name: test_relative_path_with_prefix[prefix_only]
  '''
  [needs.flow_configs]
  cplant = "\n    ' CPLANT by AOKI (https://github.com/aoki/cplant)\n    !define BLACK   #363D5D\n    !define RED     #F6363F\n    !define PINK    #F6216E\n    !define MAGENTA #A54FBD\n    !define GREEN   #37A77C\n    !define YELLOW  #F97A00\n    !define BLUE    #1E98F2\n    !define CYAN    #25AFCA\n    !define WHITE   #FEF2DC\n\n    ' Base Setting\n    skinparam Shadowing false\n    skinparam BackgroundColor transparent\n    skinparam ComponentStyle uml2\n    skinparam Default {\n      FontName  'Hiragino Sans'\n      FontColor BLACK\n      FontSize  10\n      FontStyle plain\n    }\n\n    skinparam Sequence {\n      ArrowThickness 1\n      ArrowColor RED\n      ActorBorderThickness 1\n      LifeLineBorderColor GREEN\n      ParticipantBorderThickness 0\n    }\n    skinparam Participant {\n      BackgroundColor BLACK\n      BorderColor BLACK\n      FontColor #FFFFFF\n    }\n\n    skinparam Actor {\n      BackgroundColor BLACK\n      BorderColor BLACK\n    }\n    "
  handwritten = "\n        skinparam handwritten true\n    "
  lefttoright = "\n        left to right direction\n    "
  mixing = "\n        allowmixing\n    "
  monochrome = "\n        skinparam monochrome true\n    "
  prefix_config = "!include ../../assets/puml-theme-prefix.puml"
  tne = "\n    ' Based on \"Tomorrow night eighties\" color theme (see https://github.com/chriskempson/tomorrow-theme)\n    ' Provided by gabrieljoelc (https://github.com/gabrieljoelc/plantuml-themes)\n    !define Background   #2d2d2d\n    !define CurrentLine  #393939\n    !define Selection    #515151\n    !define Foregound    #cccccc\n    !define Comment      #999999\n    !define Red          #f2777a\n    !define Orange       #f99157\n    !define Yellow       #ffcc66\n    !define Green        #99cc99\n    !define Aqua         #66cccc\n    !define Blue         #6699cc\n    !define Purple       #cc99cc\n\n    skinparam Shadowing false\n    skinparam backgroundColor #2d2d2d\n    skinparam Arrow {\n      Color Foregound\n      FontColor Foregound\n      FontStyle Bold\n    }\n    skinparam Default {\n      FontName Menlo\n      FontColor #fdfdfd\n    }\n    skinparam package {\n      FontColor Purple\n      BackgroundColor CurrentLine\n      BorderColor Selection\n    }\n    skinparam node {\n      FontColor Yellow\n      BackgroundColor CurrentLine\n      BorderColor Selection\n    }\n    skinparam component {\n      BackgroundColor Selection\n      BorderColor Blue\n      FontColor Blue\n      Style uml2\n    }\n    skinparam database {\n      BackgroundColor CurrentLine\n      BorderColor Selection\n      FontColor Orange\n    }\n\n    skinparam cloud {\n      BackgroundColor CurrentLine\n      BorderColor Selection\n    }\n\n    skinparam interface {\n      BackgroundColor CurrentLine\n      BorderColor Selection\n      FontColor Green\n    }\n    "
  toptobottom = "\n        top to bottom direction\n    "
  transparent = "\n    skinparam backgroundcolor transparent\n    "
  
  '''
# ---
# name: test_relative_path_with_prefix[string_format]
  '''
  [needs.flow_configs]
  cplant = "\n    ' CPLANT by AOKI (https://github.com/aoki/cplant)\n    !define BLACK   #363D5D\n    !define RED     #F6363F\n    !define PINK    #F6216E\n    !define MAGENTA #A54FBD\n    !define GREEN   #37A77C\n    !define YELLOW  #F97A00\n    !define BLUE    #1E98F2\n    !define CYAN    #25AFCA\n    !define WHITE   #FEF2DC\n\n    ' Base Setting\n    skinparam Shadowing false\n    skinparam BackgroundColor transparent\n    skinparam ComponentStyle uml2\n    skinparam Default {\n      FontName  'Hiragino Sans'\n      FontColor BLACK\n      FontSize  10\n      FontStyle plain\n    }\n\n    skinparam Sequence {\n      ArrowThickness 1\n      ArrowColor RED\n      ActorBorderThickness 1\n      LifeLineBorderColor GREEN\n      ParticipantBorderThickness 0\n    }\n    skinparam Participant {\n      BackgroundColor BLACK\n      BorderColor BLACK\n      FontColor #FFFFFF\n    }\n\n    skinparam Actor {\n      BackgroundColor BLACK\n      BorderColor BLACK\n    }\n    "
  handwritten = "\n        skinparam handwritten true\n    "
  lefttoright = "\n        left to right direction\n    "
  mixing = "\n        allowmixing\n    "
  monochrome = "\n        skinparam monochrome true\n    "
  string_config = "../../assets/puml-theme-string.puml"
  tne = "\n    ' Based on \"Tomorrow night eighties\" color theme (see https://github.com/chriskempson/tomorrow-theme)\n    ' Provided by gabrieljoelc (https://github.com/gabrieljoelc/plantuml-themes)\n    !define Background   #2d2d2d\n    !define CurrentLine  #393939\n    !define Selection    #515151\n    !define Foregound    #cccccc\n    !define Comment      #999999\n    !define Red          #f2777a\n    !define Orange       #f99157\n    !define Yellow       #ffcc66\n    !define Green        #99cc99\n    !define Aqua         #66cccc\n    !define Blue         #6699cc\n    !define Purple       #cc99cc\n\n    skinparam Shadowing false\n    skinparam backgroundColor #2d2d2d\n    skinparam Arrow {\n      Color Foregound\n      FontColor Foregound\n      FontStyle Bold\n    }\n    skinparam Default {\n      FontName Menlo\n      FontColor #fdfdfd\n    }\n    skinparam package {\n      FontColor Purple\n      BackgroundColor CurrentLine\n      BorderColor Selection\n    }\n    skinparam node {\n      FontColor Yellow\n      BackgroundColor CurrentLine\n      BorderColor Selection\n    }\n    skinparam component {\n      BackgroundColor Selection\n      BorderColor Blue\n      FontColor Blue\n      Style uml2\n    }\n    skinparam database {\n      BackgroundColor CurrentLine\n      BorderColor Selection\n      FontColor Orange\n    }\n\n    skinparam cloud {\n      BackgroundColor CurrentLine\n      BorderColor Selection\n    }\n\n    skinparam interface {\n      BackgroundColor CurrentLine\n      BorderColor Selection\n      FontColor Green\n    }\n    "
  toptobottom = "\n        top to bottom direction\n    "
  transparent = "\n    skinparam backgroundcolor transparent\n    "
  
  '''
# ---
# name: test_relative_path_with_prefix[suffix_only]
  '''
  [needs.flow_configs]
  cplant = "\n    ' CPLANT by AOKI (https://github.com/aoki/cplant)\n    !define BLACK   #363D5D\n    !define RED     #F6363F\n    !define PINK    #F6216E\n    !define MAGENTA #A54FBD\n    !define GREEN   #37A77C\n    !define YELLOW  #F97A00\n    !define BLUE    #1E98F2\n    !define CYAN    #25AFCA\n    !define WHITE   #FEF2DC\n\n    ' Base Setting\n    skinparam Shadowing false\n    skinparam BackgroundColor transparent\n    skinparam ComponentStyle uml2\n    skinparam Default {\n      FontName  'Hiragino Sans'\n      FontColor BLACK\n      FontSize  10\n      FontStyle plain\n    }\n\n    skinparam Sequence {\n      ArrowThickness 1\n      ArrowColor RED\n      ActorBorderThickness 1\n      LifeLineBorderColor GREEN\n      ParticipantBorderThickness 0\n    }\n    skinparam Participant {\n      BackgroundColor BLACK\n      BorderColor BLACK\n      FontColor #FFFFFF\n    }\n\n    skinparam Actor {\n      BackgroundColor BLACK\n      BorderColor BLACK\n    }\n    "
  handwritten = "\n        skinparam handwritten true\n    "
  lefttoright = "\n        left to right direction\n    "
  mixing = "\n        allowmixing\n    "
  monochrome = "\n        skinparam monochrome true\n    "
  suffix_config = "../../assets/puml-theme-suffix.puml?raw=true"
  tne = "\n    ' Based on \"Tomorrow night eighties\" color theme (see https://github.com/chriskempson/tomorrow-theme)\n    ' Provided by gabrieljoelc (https://github.com/gabrieljoelc/plantuml-themes)\n    !define Background   #2d2d2d\n    !define CurrentLine  #393939\n    !define Selection    #515151\n    !define Foregound    #cccccc\n    !define Comment      #999999\n    !define Red          #f2777a\n    !define Orange       #f99157\n    !define Yellow       #ffcc66\n    !define Green        #99cc99\n    !define Aqua         #66cccc\n    !define Blue         #6699cc\n    !define Purple       #cc99cc\n\n    skinparam Shadowing false\n    skinparam backgroundColor #2d2d2d\n    skinparam Arrow {\n      Color Foregound\n      FontColor Foregound\n      FontStyle Bold\n    }\n    skinparam Default {\n      FontName Menlo\n      FontColor #fdfdfd\n    }\n    skinparam package {\n      FontColor Purple\n      BackgroundColor CurrentLine\n      BorderColor Selection\n    }\n    skinparam node {\n      FontColor Yellow\n      BackgroundColor CurrentLine\n      BorderColor Selection\n    }\n    skinparam component {\n      BackgroundColor Selection\n      BorderColor Blue\n      FontColor Blue\n      Style uml2\n    }\n    skinparam database {\n      BackgroundColor CurrentLine\n      BorderColor Selection\n      FontColor Orange\n    }\n\n    skinparam cloud {\n      BackgroundColor CurrentLine\n      BorderColor Selection\n    }\n\n    skinparam interface {\n      BackgroundColor CurrentLine\n      BorderColor Selection\n      FontColor Green\n    }\n    "
  toptobottom = "\n        top to bottom direction\n    "
  transparent = "\n    skinparam backgroundcolor transparent\n    "
  
  '''
# ---
# name: test_warn_on_diff
  '''
  [needs]
  
  '''
# ---
# name: test_warn_on_diff.1
  list([
    "WARNING: Content of existing file '<srcdir>/_build/html/ubproject.toml' differs from new configuration:",
    '--- existing+++ new@@ -1 +1,2 @@ [needs]',
    '+build_json = true',
    ' [needs_config_writer.content_diff]',
  ])
# ---
# name: test_warn_on_diff.2
  '''
  [needs]
  
  '''
# ---
# name: test_write_defaults
  '''
  [needs]
  allow_unsafe_filters = false
  build_json = false
  build_json_per_id = false
  build_json_per_id_path = "needs_id"
  build_needumls = ""
  builder_filter = "is_external==False"
  completion_option = "completion"
  constraints_failed_color = ""
  css = "modern.css"
  debug_filters = false
  debug_measurement = false
  default_layout = "clean"
  diagram_template = "\n{%- if is_need -%}\n<size:12>{{type_name}}</size>\\n**{{title|wordwrap(15, wrapstring='**\\\\n**')}}**\\n<size:10>{{id}}</size>\n{%- else -%}\n<size:12>{{type_name}} (part)</size>\\n**{{content|wordwrap(15, wrapstring='**\\\\n**')}}**\\n<size:10>{{id_parent}}.**{{id}}**</size>\n{%- endif -%}\n"
  duration_option = "duration"
  external_needs = []
  extra_options = []
  flow_engine = "plantuml"
  flow_link_types = [
      "links",
  ]
  flow_show_links = false
  functions = []
  id_from_title = false
  id_length = 5
  id_regex = "^[A-Z0-9_]{5,}"
  id_required = false
  include_needs = true
  json_exclude_fields = [
      "collapse",
      "hide",
      "id_complete",
      "id_parent",
      "is_need",
      "is_part",
      "lineno_content",
      "type_color",
      "type_prefix",
      "type_style",
  ]
  json_remove_defaults = false
  max_title_length = -1
  needextend_strict = false
  part_prefix = "→ "
  permalink_data = "needs.json"
  permalink_file = "permalink.html"
  report_dead_links = true
  report_template = ""
  reproducible_json = false
  role_need_max_title_length = 30
  role_need_template = "{title} ({id})"
  schema_debug_active = false
  schema_debug_ignore = [
      "extra_option_success",
      "extra_link_success",
      "select_success",
      "select_fail",
      "local_success",
      "network_local_success",
  ]
  schema_debug_path = "../../schema_debug"
  service_all_data = false
  show_link_id = true
  show_link_title = false
  show_link_type = false
  statuses = []
  table_classes = []
  table_columns = "ID;TITLE;STATUS;TYPE;OUTGOING;TAGS"
  table_style = "DATATABLES"
  tags = []
  template_folder = "needs_templates/"
  title_from_content = false
  title_optional = false
  variant_options = []
  warnings_always_warn = false
  
  [needs.constraint_failed_options]
  
  [needs.constraints]
  
  [needs.extensions]
  
  [[needs.extra_links]]
  color = "#000000"
  copy = false
  incoming = "links incoming"
  option = "links"
  outgoing = "links outgoing"
  
  [[needs.extra_links]]
  color = "#333333"
  copy = false
  incoming = "child needs"
  option = "parent_needs"
  outgoing = "parent needs"
  
  [needs.filter_data]
  
  [needs.flow_configs]
  cplant = "\n    ' CPLANT by AOKI (https://github.com/aoki/cplant)\n    !define BLACK   #363D5D\n    !define RED     #F6363F\n    !define PINK    #F6216E\n    !define MAGENTA #A54FBD\n    !define GREEN   #37A77C\n    !define YELLOW  #F97A00\n    !define BLUE    #1E98F2\n    !define CYAN    #25AFCA\n    !define WHITE   #FEF2DC\n\n    ' Base Setting\n    skinparam Shadowing false\n    skinparam BackgroundColor transparent\n    skinparam ComponentStyle uml2\n    skinparam Default {\n      FontName  'Hiragino Sans'\n      FontColor BLACK\n      FontSize  10\n      FontStyle plain\n    }\n\n    skinparam Sequence {\n      ArrowThickness 1\n      ArrowColor RED\n      ActorBorderThickness 1\n      LifeLineBorderColor GREEN\n      ParticipantBorderThickness 0\n    }\n    skinparam Participant {\n      BackgroundColor BLACK\n      BorderColor BLACK\n      FontColor #FFFFFF\n    }\n\n    skinparam Actor {\n      BackgroundColor BLACK\n      BorderColor BLACK\n    }\n    "
  handwritten = "\n        skinparam handwritten true\n    "
  lefttoright = "\n        left to right direction\n    "
  mixing = "\n        allowmixing\n    "
  monochrome = "\n        skinparam monochrome true\n    "
  tne = "\n    ' Based on \"Tomorrow night eighties\" color theme (see https://github.com/chriskempson/tomorrow-theme)\n    ' Provided by gabrieljoelc (https://github.com/gabrieljoelc/plantuml-themes)\n    !define Background   #2d2d2d\n    !define CurrentLine  #393939\n    !define Selection    #515151\n    !define Foregound    #cccccc\n    !define Comment      #999999\n    !define Red          #f2777a\n    !define Orange       #f99157\n    !define Yellow       #ffcc66\n    !define Green        #99cc99\n    !define Aqua         #66cccc\n    !define Blue         #6699cc\n    !define Purple       #cc99cc\n\n    skinparam Shadowing false\n    skinparam backgroundColor #2d2d2d\n    skinparam Arrow {\n      Color Foregound\n      FontColor Foregound\n      FontStyle Bold\n    }\n    skinparam Default {\n      FontName Menlo\n      FontColor #fdfdfd\n    }\n    skinparam package {\n      FontColor Purple\n      BackgroundColor CurrentLine\n      BorderColor Selection\n    }\n    skinparam node {\n      FontColor Yellow\n      BackgroundColor CurrentLine\n      BorderColor Selection\n    }\n    skinparam component {\n      BackgroundColor Selection\n      BorderColor Blue\n      FontColor Blue\n      Style uml2\n    }\n    skinparam database {\n      BackgroundColor CurrentLine\n      BorderColor Selection\n      FontColor Orange\n    }\n\n    skinparam cloud {\n      BackgroundColor CurrentLine\n      BorderColor Selection\n    }\n\n    skinparam interface {\n      BackgroundColor CurrentLine\n      BorderColor Selection\n      FontColor Green\n    }\n    "
  toptobottom = "\n        top to bottom direction\n    "
  transparent = "\n    skinparam backgroundcolor transparent\n    "
  
  [needs.global_options]
  
  [needs.graphviz_styles.default.edge]
  minlen = "2"
  
  [needs.graphviz_styles.default.node]
  margin = "0.21,0.11"
  
  [needs.graphviz_styles.lefttoright.graph]
  rankdir = "LR"
  
  [needs.graphviz_styles.toptobottom.graph]
  rankdir = "TB"
  
  [needs.graphviz_styles.transparent.graph]
  bgcolor = "transparent"
  
  [needs.import_keys]
  
  [needs.layouts.clean]
  grid = "simple"
  
  [needs.layouts.clean.layout]
  head = [
      "<<meta(\"type_name\")>>: **<<meta(\"title\")>>** <<meta_id()>>  <<collapse_button(\"meta\", collapsed=\"icon:arrow-down-circle\", visible=\"icon:arrow-right-circle\", initial=False)>> ",
  ]
  meta = [
      "<<meta_all(no_links=True)>>",
      "<<meta_links_all()>>",
  ]
  
  [needs.layouts.clean_l]
  grid = "simple_side_left"
  
  [needs.layouts.clean_l.layout]
  head = [
      "<<meta(\"type_name\")>>: **<<meta(\"title\")>>** <<meta_id()>> <<collapse_button(\"meta\", collapsed=\"icon:arrow-down-circle\", visible=\"icon:arrow-right-circle\", initial=False)>> ",
  ]
  meta = [
      "<<meta_all(no_links=True)>>",
      "<<meta_links_all()>>",
  ]
  side = [
      "<<image(\"field:image\", align=\"center\")>>",
  ]
  
  [needs.layouts.clean_lp]
  grid = "simple_side_left_partial"
  
  [needs.layouts.clean_lp.layout]
  head = [
      "<<meta(\"type_name\")>>: **<<meta(\"title\")>>** <<meta_id()>> <<collapse_button(\"meta\", collapsed=\"icon:arrow-down-circle\", visible=\"icon:arrow-right-circle\", initial=False)>> ",
  ]
  meta = [
      "<<meta_all(no_links=True)>>",
      "<<meta_links_all()>>",
  ]
  side = [
      "<<image(\"field:image\", align=\"center\")>>",
  ]
  
  [needs.layouts.clean_r]
  grid = "simple_side_right"
  
  [needs.layouts.clean_r.layout]
  head = [
      "<<meta(\"type_name\")>>: **<<meta(\"title\")>>** <<meta_id()>> <<collapse_button(\"meta\", collapsed=\"icon:arrow-down-circle\", visible=\"icon:arrow-right-circle\", initial=False)>> ",
  ]
  meta = [
      "<<meta_all(no_links=True)>>",
      "<<meta_links_all()>>",
  ]
  side = [
      "<<image(\"field:image\", align=\"center\")>>",
  ]
  
  [needs.layouts.clean_rp]
  grid = "simple_side_right_partial"
  
  [needs.layouts.clean_rp.layout]
  head = [
      "<<meta(\"type_name\")>>: **<<meta(\"title\")>>** <<meta_id()>> <<collapse_button(\"meta\", collapsed=\"icon:arrow-down-circle\", visible=\"icon:arrow-right-circle\", initial=False)>> ",
  ]
  meta = [
      "<<meta_all(no_links=True)>>",
      "<<meta_links_all()>>",
  ]
  side = [
      "<<image(\"field:image\", align=\"center\")>>",
  ]
  
  [needs.layouts.complete]
  grid = "complex"
  
  [needs.layouts.complete.layout]
  footer = []
  footer_left = [
      "layout: <<meta(\"layout\")>>",
  ]
  footer_right = [
      "style: <<meta(\"style\")>>",
  ]
  head = [
      "<<meta(\"title\")>>",
  ]
  head_left = [
      "<<meta_id()>>",
  ]
  head_right = [
      "<<meta(\"type_name\")>>",
  ]
  meta_left = [
      "<<meta_all(no_links=True, exclude=[\"layout\",\"style\"])>>",
  ]
  meta_right = [
      "<<meta_links_all()>>",
  ]
  
  [needs.layouts.debug]
  grid = "simple"
  
  [needs.layouts.debug.layout]
  head = [
      "<<meta_id()>> **<<meta(\"title\")>>**",
      "**<<collapse_button(\"meta\", collapsed=\"Debug view on\", visible=\"Debug view off\", initial=True)>>**",
  ]
  meta = [
      "<<meta_all(exclude=[], defaults=False, show_empty=True)>>",
  ]
  
  [needs.layouts.focus]
  grid = "content"
  
  [needs.layouts.focus.layout]
  
  [needs.layouts.focus_f]
  grid = "content_footer"
  
  [needs.layouts.focus_f.layout]
  footer = [
      "<<meta_id()>>",
  ]
  
  [needs.layouts.focus_l]
  grid = "content_side_left"
  
  [needs.layouts.focus_l.layout]
  side = [
      "<<meta_id()>>",
  ]
  
  [needs.layouts.focus_r]
  grid = "content_side_right"
  
  [needs.layouts.focus_r.layout]
  side = [
      "<<meta_id()>>",
  ]
  
  [needs.layouts.github]
  grid = "complex"
  
  [needs.layouts.github.layout]
  footer = [
      "service:  <<meta(\"service\")>>",
  ]
  footer_left = [
      "layout: <<meta(\"layout\")>>",
  ]
  footer_right = [
      "style: <<meta(\"style\")>>",
  ]
  head = [
      "**<<meta(\"title\")>>** (<<link(\"url\", text=\"url\", is_dynamic=True)>>)",
  ]
  head_left = [
      "<<meta_id()>>",
      "<<collapse_button(\"meta,footer\", collapsed=\"icon:arrow-down-circle\", visible=\"icon:arrow-right-circle\", initial=True)>>",
  ]
  head_right = [
      "<<image(\"field:avatar\", width=\"40px\", align=\"middle\")>>",
      "<<meta(\"user\")>>",
  ]
  meta_left = [
      "<<meta(\"user\", prefix=\"user: \")>>",
      "<<meta(\"created_at\", prefix=\"created_at: \")>>",
      "<<meta(\"updated_at\", prefix=\"updated_at: \")>>",
      "<<meta(\"closed_at\", prefix=\"closed_at: \")>>",
      "<<meta(\"service\", prefix=\"service: \")>>",
      "<<link(\"url\", text=\"Link\", prefix=\"url: \", is_dynamic=True)>>",
  ]
  meta_right = [
      "<<meta(\"type_name\", prefix=\"type: \")>>",
      "<<meta_all(no_links=True, exclude=[\"layout\",\"style\",\"user\",\"created_at\",\"updated_at\",\"closed_at\",\"service\",\"url\",\"avatar\", \"type\",\"query\",\"specific\",\"max_amount\",\"max_content_lines\",\"id_prefix\"])>>",
      "<<meta_links_all()>>",
  ]
  
  [needs.layouts.test]
  grid = "simple"
  
  [needs.layouts.test.layout]
  head = [
      "<<meta(\"type_name\")>>: **<<meta(\"title\")>>** <<meta_id()>>  <<collapse_button(\"meta\", collapsed=\"icon:arrow-down-circle\", visible=\"icon:arrow-right-circle\", initial=False)>> ",
  ]
  meta = [
      "<<meta_all(no_links=True)>>",
      "<<meta_links_all()>>",
  ]
  
  [needs.render_context]
  
  [needs.schema_definitions]
  
  [needs.services]
  
  [needs.string_links]
  
  [[needs.types]]
  color = "#888888"
  directive = "commit"
  prefix = "C_"
  style = "card"
  title = "Commit"
  
  [[needs.types]]
  color = "#DF744A"
  directive = "impl"
  prefix = "I_"
  style = "node"
  title = "Implementation"
  
  [[needs.types]]
  color = "#cccccc"
  directive = "issue"
  prefix = "IS_"
  style = "card"
  title = "Issue"
  
  [[needs.types]]
  color = "#9856a5"
  directive = "need"
  prefix = "N_"
  style = "node"
  title = "Need"
  
  [[needs.types]]
  color = "#aaaaaa"
  directive = "pr"
  prefix = "PR_"
  style = "card"
  title = "PullRequest"
  
  [[needs.types]]
  color = "#BFD8D2"
  directive = "req"
  prefix = "R_"
  style = "node"
  title = "Requirement"
  
  [[needs.types]]
  color = "#FEDCD2"
  directive = "spec"
  prefix = "S_"
  style = "node"
  title = "Specification"
  
  [[needs.types]]
  color = "#DCB239"
  directive = "test"
  prefix = "T_"
  style = "node"
  title = "Test Case"
  
  [needs.variants]
  
  [needs.warnings]
  
  '''
# ---
